// Jest Snapshot v1, https://goo.gl/fbAQLP

exports[`Renderização componente 1`] = `
Object {
  "asFragment": [Function],
  "baseElement": <body>
    <div>
      <div>
        <br />
        <div
          class="row"
        >
          <div
            class="col"
          >
            <span>
               - 
            </span>
          </div>
        </div>
        <br />
        <div
          class="row"
        >
          <div
            class="col"
          >
            <div
              class="rdt"
            >
              <div>
                <div>
                  <div
                    class="mb-3 input-group"
                  >
                    <input
                      class="form-control form-control"
                      id="inputDatePicker"
                      placeholder="Data início pesquisa"
                      type="text"
                      value=""
                    />
                    <button
                      class="btn btn-secondary"
                      type="button"
                    >
                      <svg
                        aria-hidden="true"
                        class="svg-inline--fa fa-calendar "
                        data-icon="calendar"
                        data-prefix="fas"
                        focusable="false"
                        role="img"
                        viewBox="0 0 448 512"
                        xmlns="http://www.w3.org/2000/svg"
                      >
                        <path
                          d="M96 32C96 14.33 110.3 0 128 0C145.7 0 160 14.33 160 32V64H288V32C288 14.33 302.3 0 320 0C337.7 0 352 14.33 352 32V64H400C426.5 64 448 85.49 448 112V160H0V112C0 85.49 21.49 64 48 64H96V32zM448 464C448 490.5 426.5 512 400 512H48C21.49 512 0 490.5 0 464V192H448V464z"
                          fill="currentColor"
                        />
                      </svg>
                    </button>
                  </div>
                </div>
              </div>
              <div
                class="rdtPicker"
              >
                <div
                  class="rdtDays"
                >
                  <table>
                    <thead>
                      <tr>
                        <th
                          class="rdtPrev"
                        >
                          <span>
                            ‹
                          </span>
                        </th>
                        <th
                          class="rdtSwitch"
                          colspan="5"
                          data-value="7"
                        >
                          agosto 2022
                        </th>
                        <th
                          class="rdtNext"
                        >
                          <span>
                            ›
                          </span>
                        </th>
                      </tr>
                      <tr>
                        <th
                          class="dow"
                        >
                          2ª
                        </th>
                        <th
                          class="dow"
                        >
                          3ª
                        </th>
                        <th
                          class="dow"
                        >
                          4ª
                        </th>
                        <th
                          class="dow"
                        >
                          5ª
                        </th>
                        <th
                          class="dow"
                        >
                          6ª
                        </th>
                        <th
                          class="dow"
                        >
                          Sá
                        </th>
                        <th
                          class="dow"
                        >
                          Do
                        </th>
                      </tr>
                    </thead>
                    <tbody>
                      <tr>
                        <td
                          class="rdtDay rdtOld"
                          data-month="6"
                          data-value="25"
                          data-year="2022"
                        >
                          25
                        </td>
                        <td
                          class="rdtDay rdtOld"
                          data-month="6"
                          data-value="26"
                          data-year="2022"
                        >
                          26
                        </td>
                        <td
                          class="rdtDay rdtOld"
                          data-month="6"
                          data-value="27"
                          data-year="2022"
                        >
                          27
                        </td>
                        <td
                          class="rdtDay rdtOld"
                          data-month="6"
                          data-value="28"
                          data-year="2022"
                        >
                          28
                        </td>
                        <td
                          class="rdtDay rdtOld"
                          data-month="6"
                          data-value="29"
                          data-year="2022"
                        >
                          29
                        </td>
                        <td
                          class="rdtDay rdtOld"
                          data-month="6"
                          data-value="30"
                          data-year="2022"
                        >
                          30
                        </td>
                        <td
                          class="rdtDay rdtOld"
                          data-month="6"
                          data-value="31"
                          data-year="2022"
                        >
                          31
                        </td>
                      </tr>
                      <tr>
                        <td
                          class="rdtDay"
                          data-month="7"
                          data-value="1"
                          data-year="2022"
                        >
                          1
                        </td>
                        <td
                          class="rdtDay"
                          data-month="7"
                          data-value="2"
                          data-year="2022"
                        >
                          2
                        </td>
                        <td
                          class="rdtDay"
                          data-month="7"
                          data-value="3"
                          data-year="2022"
                        >
                          3
                        </td>
                        <td
                          class="rdtDay"
                          data-month="7"
                          data-value="4"
                          data-year="2022"
                        >
                          4
                        </td>
                        <td
                          class="rdtDay"
                          data-month="7"
                          data-value="5"
                          data-year="2022"
                        >
                          5
                        </td>
                        <td
                          class="rdtDay"
                          data-month="7"
                          data-value="6"
                          data-year="2022"
                        >
                          6
                        </td>
                        <td
                          class="rdtDay"
                          data-month="7"
                          data-value="7"
                          data-year="2022"
                        >
                          7
                        </td>
                      </tr>
                      <tr>
                        <td
                          class="rdtDay"
                          data-month="7"
                          data-value="8"
                          data-year="2022"
                        >
                          8
                        </td>
                        <td
                          class="rdtDay"
                          data-month="7"
                          data-value="9"
                          data-year="2022"
                        >
                          9
                        </td>
                        <td
                          class="rdtDay"
                          data-month="7"
                          data-value="10"
                          data-year="2022"
                        >
                          10
                        </td>
                        <td
                          class="rdtDay"
                          data-month="7"
                          data-value="11"
                          data-year="2022"
                        >
                          11
                        </td>
                        <td
                          class="rdtDay"
                          data-month="7"
                          data-value="12"
                          data-year="2022"
                        >
                          12
                        </td>
                        <td
                          class="rdtDay"
                          data-month="7"
                          data-value="13"
                          data-year="2022"
                        >
                          13
                        </td>
                        <td
                          class="rdtDay"
                          data-month="7"
                          data-value="14"
                          data-year="2022"
                        >
                          14
                        </td>
                      </tr>
                      <tr>
                        <td
                          class="rdtDay"
                          data-month="7"
                          data-value="15"
                          data-year="2022"
                        >
                          15
                        </td>
                        <td
                          class="rdtDay"
                          data-month="7"
                          data-value="16"
                          data-year="2022"
                        >
                          16
                        </td>
                        <td
                          class="rdtDay"
                          data-month="7"
                          data-value="17"
                          data-year="2022"
                        >
                          17
                        </td>
                        <td
                          class="rdtDay"
                          data-month="7"
                          data-value="18"
                          data-year="2022"
                        >
                          18
                        </td>
                        <td
                          class="rdtDay"
                          data-month="7"
                          data-value="19"
                          data-year="2022"
                        >
                          19
                        </td>
                        <td
                          class="rdtDay"
                          data-month="7"
                          data-value="20"
                          data-year="2022"
                        >
                          20
                        </td>
                        <td
                          class="rdtDay"
                          data-month="7"
                          data-value="21"
                          data-year="2022"
                        >
                          21
                        </td>
                      </tr>
                      <tr>
                        <td
                          class="rdtDay"
                          data-month="7"
                          data-value="22"
                          data-year="2022"
                        >
                          22
                        </td>
                        <td
                          class="rdtDay"
                          data-month="7"
                          data-value="23"
                          data-year="2022"
                        >
                          23
                        </td>
                        <td
                          class="rdtDay"
                          data-month="7"
                          data-value="24"
                          data-year="2022"
                        >
                          24
                        </td>
                        <td
                          class="rdtDay"
                          data-month="7"
                          data-value="25"
                          data-year="2022"
                        >
                          25
                        </td>
                        <td
                          class="rdtDay"
                          data-month="7"
                          data-value="26"
                          data-year="2022"
                        >
                          26
                        </td>
                        <td
                          class="rdtDay"
                          data-month="7"
                          data-value="27"
                          data-year="2022"
                        >
                          27
                        </td>
                        <td
                          class="rdtDay rdtToday"
                          data-month="7"
                          data-value="28"
                          data-year="2022"
                        >
                          28
                        </td>
                      </tr>
                      <tr>
                        <td
                          class="rdtDay"
                          data-month="7"
                          data-value="29"
                          data-year="2022"
                        >
                          29
                        </td>
                        <td
                          class="rdtDay"
                          data-month="7"
                          data-value="30"
                          data-year="2022"
                        >
                          30
                        </td>
                        <td
                          class="rdtDay"
                          data-month="7"
                          data-value="31"
                          data-year="2022"
                        >
                          31
                        </td>
                        <td
                          class="rdtDay rdtNew"
                          data-month="8"
                          data-value="1"
                          data-year="2022"
                        >
                          1
                        </td>
                        <td
                          class="rdtDay rdtNew"
                          data-month="8"
                          data-value="2"
                          data-year="2022"
                        >
                          2
                        </td>
                        <td
                          class="rdtDay rdtNew"
                          data-month="8"
                          data-value="3"
                          data-year="2022"
                        >
                          3
                        </td>
                        <td
                          class="rdtDay rdtNew"
                          data-month="8"
                          data-value="4"
                          data-year="2022"
                        >
                          4
                        </td>
                      </tr>
                    </tbody>
                  </table>
                </div>
              </div>
            </div>
          </div>
          <div
            class="col"
          >
            <div
              class="rdt"
            >
              <div>
                <div>
                  <div
                    class="mb-3 input-group"
                  >
                    <input
                      class="form-control form-control"
                      id="inputDatePicker"
                      placeholder="Data fim pesquisa"
                      type="text"
                      value=""
                    />
                    <button
                      class="btn btn-secondary"
                      type="button"
                    >
                      <svg
                        aria-hidden="true"
                        class="svg-inline--fa fa-calendar "
                        data-icon="calendar"
                        data-prefix="fas"
                        focusable="false"
                        role="img"
                        viewBox="0 0 448 512"
                        xmlns="http://www.w3.org/2000/svg"
                      >
                        <path
                          d="M96 32C96 14.33 110.3 0 128 0C145.7 0 160 14.33 160 32V64H288V32C288 14.33 302.3 0 320 0C337.7 0 352 14.33 352 32V64H400C426.5 64 448 85.49 448 112V160H0V112C0 85.49 21.49 64 48 64H96V32zM448 464C448 490.5 426.5 512 400 512H48C21.49 512 0 490.5 0 464V192H448V464z"
                          fill="currentColor"
                        />
                      </svg>
                    </button>
                  </div>
                </div>
              </div>
              <div
                class="rdtPicker"
              >
                <div
                  class="rdtDays"
                >
                  <table>
                    <thead>
                      <tr>
                        <th
                          class="rdtPrev"
                        >
                          <span>
                            ‹
                          </span>
                        </th>
                        <th
                          class="rdtSwitch"
                          colspan="5"
                          data-value="7"
                        >
                          agosto 2022
                        </th>
                        <th
                          class="rdtNext"
                        >
                          <span>
                            ›
                          </span>
                        </th>
                      </tr>
                      <tr>
                        <th
                          class="dow"
                        >
                          2ª
                        </th>
                        <th
                          class="dow"
                        >
                          3ª
                        </th>
                        <th
                          class="dow"
                        >
                          4ª
                        </th>
                        <th
                          class="dow"
                        >
                          5ª
                        </th>
                        <th
                          class="dow"
                        >
                          6ª
                        </th>
                        <th
                          class="dow"
                        >
                          Sá
                        </th>
                        <th
                          class="dow"
                        >
                          Do
                        </th>
                      </tr>
                    </thead>
                    <tbody>
                      <tr>
                        <td
                          class="rdtDay rdtOld"
                          data-month="6"
                          data-value="25"
                          data-year="2022"
                        >
                          25
                        </td>
                        <td
                          class="rdtDay rdtOld"
                          data-month="6"
                          data-value="26"
                          data-year="2022"
                        >
                          26
                        </td>
                        <td
                          class="rdtDay rdtOld"
                          data-month="6"
                          data-value="27"
                          data-year="2022"
                        >
                          27
                        </td>
                        <td
                          class="rdtDay rdtOld"
                          data-month="6"
                          data-value="28"
                          data-year="2022"
                        >
                          28
                        </td>
                        <td
                          class="rdtDay rdtOld"
                          data-month="6"
                          data-value="29"
                          data-year="2022"
                        >
                          29
                        </td>
                        <td
                          class="rdtDay rdtOld"
                          data-month="6"
                          data-value="30"
                          data-year="2022"
                        >
                          30
                        </td>
                        <td
                          class="rdtDay rdtOld"
                          data-month="6"
                          data-value="31"
                          data-year="2022"
                        >
                          31
                        </td>
                      </tr>
                      <tr>
                        <td
                          class="rdtDay"
                          data-month="7"
                          data-value="1"
                          data-year="2022"
                        >
                          1
                        </td>
                        <td
                          class="rdtDay"
                          data-month="7"
                          data-value="2"
                          data-year="2022"
                        >
                          2
                        </td>
                        <td
                          class="rdtDay"
                          data-month="7"
                          data-value="3"
                          data-year="2022"
                        >
                          3
                        </td>
                        <td
                          class="rdtDay"
                          data-month="7"
                          data-value="4"
                          data-year="2022"
                        >
                          4
                        </td>
                        <td
                          class="rdtDay"
                          data-month="7"
                          data-value="5"
                          data-year="2022"
                        >
                          5
                        </td>
                        <td
                          class="rdtDay"
                          data-month="7"
                          data-value="6"
                          data-year="2022"
                        >
                          6
                        </td>
                        <td
                          class="rdtDay"
                          data-month="7"
                          data-value="7"
                          data-year="2022"
                        >
                          7
                        </td>
                      </tr>
                      <tr>
                        <td
                          class="rdtDay"
                          data-month="7"
                          data-value="8"
                          data-year="2022"
                        >
                          8
                        </td>
                        <td
                          class="rdtDay"
                          data-month="7"
                          data-value="9"
                          data-year="2022"
                        >
                          9
                        </td>
                        <td
                          class="rdtDay"
                          data-month="7"
                          data-value="10"
                          data-year="2022"
                        >
                          10
                        </td>
                        <td
                          class="rdtDay"
                          data-month="7"
                          data-value="11"
                          data-year="2022"
                        >
                          11
                        </td>
                        <td
                          class="rdtDay"
                          data-month="7"
                          data-value="12"
                          data-year="2022"
                        >
                          12
                        </td>
                        <td
                          class="rdtDay"
                          data-month="7"
                          data-value="13"
                          data-year="2022"
                        >
                          13
                        </td>
                        <td
                          class="rdtDay"
                          data-month="7"
                          data-value="14"
                          data-year="2022"
                        >
                          14
                        </td>
                      </tr>
                      <tr>
                        <td
                          class="rdtDay"
                          data-month="7"
                          data-value="15"
                          data-year="2022"
                        >
                          15
                        </td>
                        <td
                          class="rdtDay"
                          data-month="7"
                          data-value="16"
                          data-year="2022"
                        >
                          16
                        </td>
                        <td
                          class="rdtDay"
                          data-month="7"
                          data-value="17"
                          data-year="2022"
                        >
                          17
                        </td>
                        <td
                          class="rdtDay"
                          data-month="7"
                          data-value="18"
                          data-year="2022"
                        >
                          18
                        </td>
                        <td
                          class="rdtDay"
                          data-month="7"
                          data-value="19"
                          data-year="2022"
                        >
                          19
                        </td>
                        <td
                          class="rdtDay"
                          data-month="7"
                          data-value="20"
                          data-year="2022"
                        >
                          20
                        </td>
                        <td
                          class="rdtDay"
                          data-month="7"
                          data-value="21"
                          data-year="2022"
                        >
                          21
                        </td>
                      </tr>
                      <tr>
                        <td
                          class="rdtDay"
                          data-month="7"
                          data-value="22"
                          data-year="2022"
                        >
                          22
                        </td>
                        <td
                          class="rdtDay"
                          data-month="7"
                          data-value="23"
                          data-year="2022"
                        >
                          23
                        </td>
                        <td
                          class="rdtDay"
                          data-month="7"
                          data-value="24"
                          data-year="2022"
                        >
                          24
                        </td>
                        <td
                          class="rdtDay"
                          data-month="7"
                          data-value="25"
                          data-year="2022"
                        >
                          25
                        </td>
                        <td
                          class="rdtDay"
                          data-month="7"
                          data-value="26"
                          data-year="2022"
                        >
                          26
                        </td>
                        <td
                          class="rdtDay"
                          data-month="7"
                          data-value="27"
                          data-year="2022"
                        >
                          27
                        </td>
                        <td
                          class="rdtDay rdtToday"
                          data-month="7"
                          data-value="28"
                          data-year="2022"
                        >
                          28
                        </td>
                      </tr>
                      <tr>
                        <td
                          class="rdtDay"
                          data-month="7"
                          data-value="29"
                          data-year="2022"
                        >
                          29
                        </td>
                        <td
                          class="rdtDay"
                          data-month="7"
                          data-value="30"
                          data-year="2022"
                        >
                          30
                        </td>
                        <td
                          class="rdtDay"
                          data-month="7"
                          data-value="31"
                          data-year="2022"
                        >
                          31
                        </td>
                        <td
                          class="rdtDay rdtNew"
                          data-month="8"
                          data-value="1"
                          data-year="2022"
                        >
                          1
                        </td>
                        <td
                          class="rdtDay rdtNew"
                          data-month="8"
                          data-value="2"
                          data-year="2022"
                        >
                          2
                        </td>
                        <td
                          class="rdtDay rdtNew"
                          data-month="8"
                          data-value="3"
                          data-year="2022"
                        >
                          3
                        </td>
                        <td
                          class="rdtDay rdtNew"
                          data-month="8"
                          data-value="4"
                          data-year="2022"
                        >
                          4
                        </td>
                      </tr>
                    </tbody>
                  </table>
                </div>
              </div>
            </div>
          </div>
          <div
            class="col"
          >
            <button
              class="btn btn-primary"
              type="button"
            >
              Pesquisar
            </button>
          </div>
        </div>
        <div
          class="row"
        />
        <br />
        <div
          class="justify-content-md-end row"
        >
          <div
            class="col-md-1"
          >
            <button
              class="btn btn-primary"
              type="button"
            >
              Voltar
            </button>
          </div>
        </div>
      </div>
    </div>
  </body>,
  "container": <div>
    <div>
      <br />
      <div
        class="row"
      >
        <div
          class="col"
        >
          <span>
             - 
          </span>
        </div>
      </div>
      <br />
      <div
        class="row"
      >
        <div
          class="col"
        >
          <div
            class="rdt"
          >
            <div>
              <div>
                <div
                  class="mb-3 input-group"
                >
                  <input
                    class="form-control form-control"
                    id="inputDatePicker"
                    placeholder="Data início pesquisa"
                    type="text"
                    value=""
                  />
                  <button
                    class="btn btn-secondary"
                    type="button"
                  >
                    <svg
                      aria-hidden="true"
                      class="svg-inline--fa fa-calendar "
                      data-icon="calendar"
                      data-prefix="fas"
                      focusable="false"
                      role="img"
                      viewBox="0 0 448 512"
                      xmlns="http://www.w3.org/2000/svg"
                    >
                      <path
                        d="M96 32C96 14.33 110.3 0 128 0C145.7 0 160 14.33 160 32V64H288V32C288 14.33 302.3 0 320 0C337.7 0 352 14.33 352 32V64H400C426.5 64 448 85.49 448 112V160H0V112C0 85.49 21.49 64 48 64H96V32zM448 464C448 490.5 426.5 512 400 512H48C21.49 512 0 490.5 0 464V192H448V464z"
                        fill="currentColor"
                      />
                    </svg>
                  </button>
                </div>
              </div>
            </div>
            <div
              class="rdtPicker"
            >
              <div
                class="rdtDays"
              >
                <table>
                  <thead>
                    <tr>
                      <th
                        class="rdtPrev"
                      >
                        <span>
                          ‹
                        </span>
                      </th>
                      <th
                        class="rdtSwitch"
                        colspan="5"
                        data-value="7"
                      >
                        agosto 2022
                      </th>
                      <th
                        class="rdtNext"
                      >
                        <span>
                          ›
                        </span>
                      </th>
                    </tr>
                    <tr>
                      <th
                        class="dow"
                      >
                        2ª
                      </th>
                      <th
                        class="dow"
                      >
                        3ª
                      </th>
                      <th
                        class="dow"
                      >
                        4ª
                      </th>
                      <th
                        class="dow"
                      >
                        5ª
                      </th>
                      <th
                        class="dow"
                      >
                        6ª
                      </th>
                      <th
                        class="dow"
                      >
                        Sá
                      </th>
                      <th
                        class="dow"
                      >
                        Do
                      </th>
                    </tr>
                  </thead>
                  <tbody>
                    <tr>
                      <td
                        class="rdtDay rdtOld"
                        data-month="6"
                        data-value="25"
                        data-year="2022"
                      >
                        25
                      </td>
                      <td
                        class="rdtDay rdtOld"
                        data-month="6"
                        data-value="26"
                        data-year="2022"
                      >
                        26
                      </td>
                      <td
                        class="rdtDay rdtOld"
                        data-month="6"
                        data-value="27"
                        data-year="2022"
                      >
                        27
                      </td>
                      <td
                        class="rdtDay rdtOld"
                        data-month="6"
                        data-value="28"
                        data-year="2022"
                      >
                        28
                      </td>
                      <td
                        class="rdtDay rdtOld"
                        data-month="6"
                        data-value="29"
                        data-year="2022"
                      >
                        29
                      </td>
                      <td
                        class="rdtDay rdtOld"
                        data-month="6"
                        data-value="30"
                        data-year="2022"
                      >
                        30
                      </td>
                      <td
                        class="rdtDay rdtOld"
                        data-month="6"
                        data-value="31"
                        data-year="2022"
                      >
                        31
                      </td>
                    </tr>
                    <tr>
                      <td
                        class="rdtDay"
                        data-month="7"
                        data-value="1"
                        data-year="2022"
                      >
                        1
                      </td>
                      <td
                        class="rdtDay"
                        data-month="7"
                        data-value="2"
                        data-year="2022"
                      >
                        2
                      </td>
                      <td
                        class="rdtDay"
                        data-month="7"
                        data-value="3"
                        data-year="2022"
                      >
                        3
                      </td>
                      <td
                        class="rdtDay"
                        data-month="7"
                        data-value="4"
                        data-year="2022"
                      >
                        4
                      </td>
                      <td
                        class="rdtDay"
                        data-month="7"
                        data-value="5"
                        data-year="2022"
                      >
                        5
                      </td>
                      <td
                        class="rdtDay"
                        data-month="7"
                        data-value="6"
                        data-year="2022"
                      >
                        6
                      </td>
                      <td
                        class="rdtDay"
                        data-month="7"
                        data-value="7"
                        data-year="2022"
                      >
                        7
                      </td>
                    </tr>
                    <tr>
                      <td
                        class="rdtDay"
                        data-month="7"
                        data-value="8"
                        data-year="2022"
                      >
                        8
                      </td>
                      <td
                        class="rdtDay"
                        data-month="7"
                        data-value="9"
                        data-year="2022"
                      >
                        9
                      </td>
                      <td
                        class="rdtDay"
                        data-month="7"
                        data-value="10"
                        data-year="2022"
                      >
                        10
                      </td>
                      <td
                        class="rdtDay"
                        data-month="7"
                        data-value="11"
                        data-year="2022"
                      >
                        11
                      </td>
                      <td
                        class="rdtDay"
                        data-month="7"
                        data-value="12"
                        data-year="2022"
                      >
                        12
                      </td>
                      <td
                        class="rdtDay"
                        data-month="7"
                        data-value="13"
                        data-year="2022"
                      >
                        13
                      </td>
                      <td
                        class="rdtDay"
                        data-month="7"
                        data-value="14"
                        data-year="2022"
                      >
                        14
                      </td>
                    </tr>
                    <tr>
                      <td
                        class="rdtDay"
                        data-month="7"
                        data-value="15"
                        data-year="2022"
                      >
                        15
                      </td>
                      <td
                        class="rdtDay"
                        data-month="7"
                        data-value="16"
                        data-year="2022"
                      >
                        16
                      </td>
                      <td
                        class="rdtDay"
                        data-month="7"
                        data-value="17"
                        data-year="2022"
                      >
                        17
                      </td>
                      <td
                        class="rdtDay"
                        data-month="7"
                        data-value="18"
                        data-year="2022"
                      >
                        18
                      </td>
                      <td
                        class="rdtDay"
                        data-month="7"
                        data-value="19"
                        data-year="2022"
                      >
                        19
                      </td>
                      <td
                        class="rdtDay"
                        data-month="7"
                        data-value="20"
                        data-year="2022"
                      >
                        20
                      </td>
                      <td
                        class="rdtDay"
                        data-month="7"
                        data-value="21"
                        data-year="2022"
                      >
                        21
                      </td>
                    </tr>
                    <tr>
                      <td
                        class="rdtDay"
                        data-month="7"
                        data-value="22"
                        data-year="2022"
                      >
                        22
                      </td>
                      <td
                        class="rdtDay"
                        data-month="7"
                        data-value="23"
                        data-year="2022"
                      >
                        23
                      </td>
                      <td
                        class="rdtDay"
                        data-month="7"
                        data-value="24"
                        data-year="2022"
                      >
                        24
                      </td>
                      <td
                        class="rdtDay"
                        data-month="7"
                        data-value="25"
                        data-year="2022"
                      >
                        25
                      </td>
                      <td
                        class="rdtDay"
                        data-month="7"
                        data-value="26"
                        data-year="2022"
                      >
                        26
                      </td>
                      <td
                        class="rdtDay"
                        data-month="7"
                        data-value="27"
                        data-year="2022"
                      >
                        27
                      </td>
                      <td
                        class="rdtDay rdtToday"
                        data-month="7"
                        data-value="28"
                        data-year="2022"
                      >
                        28
                      </td>
                    </tr>
                    <tr>
                      <td
                        class="rdtDay"
                        data-month="7"
                        data-value="29"
                        data-year="2022"
                      >
                        29
                      </td>
                      <td
                        class="rdtDay"
                        data-month="7"
                        data-value="30"
                        data-year="2022"
                      >
                        30
                      </td>
                      <td
                        class="rdtDay"
                        data-month="7"
                        data-value="31"
                        data-year="2022"
                      >
                        31
                      </td>
                      <td
                        class="rdtDay rdtNew"
                        data-month="8"
                        data-value="1"
                        data-year="2022"
                      >
                        1
                      </td>
                      <td
                        class="rdtDay rdtNew"
                        data-month="8"
                        data-value="2"
                        data-year="2022"
                      >
                        2
                      </td>
                      <td
                        class="rdtDay rdtNew"
                        data-month="8"
                        data-value="3"
                        data-year="2022"
                      >
                        3
                      </td>
                      <td
                        class="rdtDay rdtNew"
                        data-month="8"
                        data-value="4"
                        data-year="2022"
                      >
                        4
                      </td>
                    </tr>
                  </tbody>
                </table>
              </div>
            </div>
          </div>
        </div>
        <div
          class="col"
        >
          <div
            class="rdt"
          >
            <div>
              <div>
                <div
                  class="mb-3 input-group"
                >
                  <input
                    class="form-control form-control"
                    id="inputDatePicker"
                    placeholder="Data fim pesquisa"
                    type="text"
                    value=""
                  />
                  <button
                    class="btn btn-secondary"
                    type="button"
                  >
                    <svg
                      aria-hidden="true"
                      class="svg-inline--fa fa-calendar "
                      data-icon="calendar"
                      data-prefix="fas"
                      focusable="false"
                      role="img"
                      viewBox="0 0 448 512"
                      xmlns="http://www.w3.org/2000/svg"
                    >
                      <path
                        d="M96 32C96 14.33 110.3 0 128 0C145.7 0 160 14.33 160 32V64H288V32C288 14.33 302.3 0 320 0C337.7 0 352 14.33 352 32V64H400C426.5 64 448 85.49 448 112V160H0V112C0 85.49 21.49 64 48 64H96V32zM448 464C448 490.5 426.5 512 400 512H48C21.49 512 0 490.5 0 464V192H448V464z"
                        fill="currentColor"
                      />
                    </svg>
                  </button>
                </div>
              </div>
            </div>
            <div
              class="rdtPicker"
            >
              <div
                class="rdtDays"
              >
                <table>
                  <thead>
                    <tr>
                      <th
                        class="rdtPrev"
                      >
                        <span>
                          ‹
                        </span>
                      </th>
                      <th
                        class="rdtSwitch"
                        colspan="5"
                        data-value="7"
                      >
                        agosto 2022
                      </th>
                      <th
                        class="rdtNext"
                      >
                        <span>
                          ›
                        </span>
                      </th>
                    </tr>
                    <tr>
                      <th
                        class="dow"
                      >
                        2ª
                      </th>
                      <th
                        class="dow"
                      >
                        3ª
                      </th>
                      <th
                        class="dow"
                      >
                        4ª
                      </th>
                      <th
                        class="dow"
                      >
                        5ª
                      </th>
                      <th
                        class="dow"
                      >
                        6ª
                      </th>
                      <th
                        class="dow"
                      >
                        Sá
                      </th>
                      <th
                        class="dow"
                      >
                        Do
                      </th>
                    </tr>
                  </thead>
                  <tbody>
                    <tr>
                      <td
                        class="rdtDay rdtOld"
                        data-month="6"
                        data-value="25"
                        data-year="2022"
                      >
                        25
                      </td>
                      <td
                        class="rdtDay rdtOld"
                        data-month="6"
                        data-value="26"
                        data-year="2022"
                      >
                        26
                      </td>
                      <td
                        class="rdtDay rdtOld"
                        data-month="6"
                        data-value="27"
                        data-year="2022"
                      >
                        27
                      </td>
                      <td
                        class="rdtDay rdtOld"
                        data-month="6"
                        data-value="28"
                        data-year="2022"
                      >
                        28
                      </td>
                      <td
                        class="rdtDay rdtOld"
                        data-month="6"
                        data-value="29"
                        data-year="2022"
                      >
                        29
                      </td>
                      <td
                        class="rdtDay rdtOld"
                        data-month="6"
                        data-value="30"
                        data-year="2022"
                      >
                        30
                      </td>
                      <td
                        class="rdtDay rdtOld"
                        data-month="6"
                        data-value="31"
                        data-year="2022"
                      >
                        31
                      </td>
                    </tr>
                    <tr>
                      <td
                        class="rdtDay"
                        data-month="7"
                        data-value="1"
                        data-year="2022"
                      >
                        1
                      </td>
                      <td
                        class="rdtDay"
                        data-month="7"
                        data-value="2"
                        data-year="2022"
                      >
                        2
                      </td>
                      <td
                        class="rdtDay"
                        data-month="7"
                        data-value="3"
                        data-year="2022"
                      >
                        3
                      </td>
                      <td
                        class="rdtDay"
                        data-month="7"
                        data-value="4"
                        data-year="2022"
                      >
                        4
                      </td>
                      <td
                        class="rdtDay"
                        data-month="7"
                        data-value="5"
                        data-year="2022"
                      >
                        5
                      </td>
                      <td
                        class="rdtDay"
                        data-month="7"
                        data-value="6"
                        data-year="2022"
                      >
                        6
                      </td>
                      <td
                        class="rdtDay"
                        data-month="7"
                        data-value="7"
                        data-year="2022"
                      >
                        7
                      </td>
                    </tr>
                    <tr>
                      <td
                        class="rdtDay"
                        data-month="7"
                        data-value="8"
                        data-year="2022"
                      >
                        8
                      </td>
                      <td
                        class="rdtDay"
                        data-month="7"
                        data-value="9"
                        data-year="2022"
                      >
                        9
                      </td>
                      <td
                        class="rdtDay"
                        data-month="7"
                        data-value="10"
                        data-year="2022"
                      >
                        10
                      </td>
                      <td
                        class="rdtDay"
                        data-month="7"
                        data-value="11"
                        data-year="2022"
                      >
                        11
                      </td>
                      <td
                        class="rdtDay"
                        data-month="7"
                        data-value="12"
                        data-year="2022"
                      >
                        12
                      </td>
                      <td
                        class="rdtDay"
                        data-month="7"
                        data-value="13"
                        data-year="2022"
                      >
                        13
                      </td>
                      <td
                        class="rdtDay"
                        data-month="7"
                        data-value="14"
                        data-year="2022"
                      >
                        14
                      </td>
                    </tr>
                    <tr>
                      <td
                        class="rdtDay"
                        data-month="7"
                        data-value="15"
                        data-year="2022"
                      >
                        15
                      </td>
                      <td
                        class="rdtDay"
                        data-month="7"
                        data-value="16"
                        data-year="2022"
                      >
                        16
                      </td>
                      <td
                        class="rdtDay"
                        data-month="7"
                        data-value="17"
                        data-year="2022"
                      >
                        17
                      </td>
                      <td
                        class="rdtDay"
                        data-month="7"
                        data-value="18"
                        data-year="2022"
                      >
                        18
                      </td>
                      <td
                        class="rdtDay"
                        data-month="7"
                        data-value="19"
                        data-year="2022"
                      >
                        19
                      </td>
                      <td
                        class="rdtDay"
                        data-month="7"
                        data-value="20"
                        data-year="2022"
                      >
                        20
                      </td>
                      <td
                        class="rdtDay"
                        data-month="7"
                        data-value="21"
                        data-year="2022"
                      >
                        21
                      </td>
                    </tr>
                    <tr>
                      <td
                        class="rdtDay"
                        data-month="7"
                        data-value="22"
                        data-year="2022"
                      >
                        22
                      </td>
                      <td
                        class="rdtDay"
                        data-month="7"
                        data-value="23"
                        data-year="2022"
                      >
                        23
                      </td>
                      <td
                        class="rdtDay"
                        data-month="7"
                        data-value="24"
                        data-year="2022"
                      >
                        24
                      </td>
                      <td
                        class="rdtDay"
                        data-month="7"
                        data-value="25"
                        data-year="2022"
                      >
                        25
                      </td>
                      <td
                        class="rdtDay"
                        data-month="7"
                        data-value="26"
                        data-year="2022"
                      >
                        26
                      </td>
                      <td
                        class="rdtDay"
                        data-month="7"
                        data-value="27"
                        data-year="2022"
                      >
                        27
                      </td>
                      <td
                        class="rdtDay rdtToday"
                        data-month="7"
                        data-value="28"
                        data-year="2022"
                      >
                        28
                      </td>
                    </tr>
                    <tr>
                      <td
                        class="rdtDay"
                        data-month="7"
                        data-value="29"
                        data-year="2022"
                      >
                        29
                      </td>
                      <td
                        class="rdtDay"
                        data-month="7"
                        data-value="30"
                        data-year="2022"
                      >
                        30
                      </td>
                      <td
                        class="rdtDay"
                        data-month="7"
                        data-value="31"
                        data-year="2022"
                      >
                        31
                      </td>
                      <td
                        class="rdtDay rdtNew"
                        data-month="8"
                        data-value="1"
                        data-year="2022"
                      >
                        1
                      </td>
                      <td
                        class="rdtDay rdtNew"
                        data-month="8"
                        data-value="2"
                        data-year="2022"
                      >
                        2
                      </td>
                      <td
                        class="rdtDay rdtNew"
                        data-month="8"
                        data-value="3"
                        data-year="2022"
                      >
                        3
                      </td>
                      <td
                        class="rdtDay rdtNew"
                        data-month="8"
                        data-value="4"
                        data-year="2022"
                      >
                        4
                      </td>
                    </tr>
                  </tbody>
                </table>
              </div>
            </div>
          </div>
        </div>
        <div
          class="col"
        >
          <button
            class="btn btn-primary"
            type="button"
          >
            Pesquisar
          </button>
        </div>
      </div>
      <div
        class="row"
      />
      <br />
      <div
        class="justify-content-md-end row"
      >
        <div
          class="col-md-1"
        >
          <button
            class="btn btn-primary"
            type="button"
          >
            Voltar
          </button>
        </div>
      </div>
    </div>
  </div>,
  "debug": [Function],
  "findAllByAltText": [Function],
  "findAllByDisplayValue": [Function],
  "findAllByLabelText": [Function],
  "findAllByPlaceholderText": [Function],
  "findAllByRole": [Function],
  "findAllByTestId": [Function],
  "findAllByText": [Function],
  "findAllByTitle": [Function],
  "findByAltText": [Function],
  "findByDisplayValue": [Function],
  "findByLabelText": [Function],
  "findByPlaceholderText": [Function],
  "findByRole": [Function],
  "findByTestId": [Function],
  "findByText": [Function],
  "findByTitle": [Function],
  "getAllByAltText": [Function],
  "getAllByDisplayValue": [Function],
  "getAllByLabelText": [Function],
  "getAllByPlaceholderText": [Function],
  "getAllByRole": [Function],
  "getAllByTestId": [Function],
  "getAllByText": [Function],
  "getAllByTitle": [Function],
  "getByAltText": [Function],
  "getByDisplayValue": [Function],
  "getByLabelText": [Function],
  "getByPlaceholderText": [Function],
  "getByRole": [Function],
  "getByTestId": [Function],
  "getByText": [Function],
  "getByTitle": [Function],
  "queryAllByAltText": [Function],
  "queryAllByDisplayValue": [Function],
  "queryAllByLabelText": [Function],
  "queryAllByPlaceholderText": [Function],
  "queryAllByRole": [Function],
  "queryAllByTestId": [Function],
  "queryAllByText": [Function],
  "queryAllByTitle": [Function],
  "queryByAltText": [Function],
  "queryByDisplayValue": [Function],
  "queryByLabelText": [Function],
  "queryByPlaceholderText": [Function],
  "queryByRole": [Function],
  "queryByTestId": [Function],
  "queryByText": [Function],
  "queryByTitle": [Function],
  "rerender": [Function],
  "store": Object {
    "@@observable": [Function],
    "dispatch": [Function],
    "getState": [Function],
    "replaceReducer": [Function],
    "subscribe": [Function],
  },
  "unmount": [Function],
}
`;
